venv\Scripts\python : 
D:\VESTA3 - Copy\app.py:12: 
FutureWarning: 
At line:1 char:1
+ venv\Scripts\python 
test.py > test_output.txt 
2>&1; type test_output. ...
+ ~~~~~~~~~~~~~~~~~~~~~~~~~~~
~~~~~~~~~~~~~~~~~~~~~~~
    + CategoryInfo           
   : NotSpecified: (D:\VEST  
  A3 - Cop...FutureWarning   
 : :String) [], RemoteExc    
eption
    + FullyQualifiedErrorId  
   : NativeCommandError
 

All support for the 
`google.generativeai` 
package has ended. It will 
no longer be receiving 
updates or bug fixes. Please 
switch to the `google.genai` 
package as soon as possible.
See README for more details:

https://github.com/google-gem
ini/deprecated-generative-ai-
python/blob/main/README.md

  import google.generativeai 
as genai
Prompt sent: --- Past 72 Hours Data for Context ---
No previous data logged in the last 72 hours.

--- Latest Input ---
This is my dinner
Provide the requested JSON analysis strictly.
AI Response: {"mri": 0, "risk_tier": "Optimal", "dashboard_action": "Blue/Green Pulse", "entities_extracted": [], "global_insight": "No identifiable nutritional intake detected from the provided image. Cannot perform metabolic risk assessment for this meal.", "food_name": "Unidentifiable meal", "macronutrients": {"calories": 0, "protein": 0, "fiber": 0, "fat": 0, "carbs": 0}, "suggestions": ["No identifiable food detected in the image. Please provide a clear image of your meal for analysis."], "health_score": 0}
Result: {'mri': 0, 'risk_tier': 'Optimal', 'dashboard_action': 'Blue/Green Pulse', 'entities_extracted': [], 'global_insight': 'No identifiable nutritional intake detected from the provided image. Cannot perform metabolic risk assessment for this meal.', 'food_name': 'Unidentifiable meal', 'macronutrients': {'calories': 0, 'protein': 0, 'fiber': 0, 'fat': 0, 'carbs': 0}, 'suggestions': ['No identifiable food detected in the image. Please provide a clear image of your meal for analysis.'], 'health_score': 0}
